EMPTY 2290343b-7880-4de1-bc48-a40dd5473dcb
EMPTY 779d6a80-e025-44ae-97ba-c45af931adb3
EMPTY 27093d58-a7f2-49ac-848a-bfe93147b754
EMPTY fc5cfb7e-9a21-4457-b6ca-5fbff3075d22
EMPTY e32ae6c8-df82-4b7a-a83e-8d7fe780ec51
EMPTY 3d039a57-4675-4d32-85a4-1f8bb8ed8aa8
EMPTY a64dcfcb-5e4a-4929-a048-58f0b3c5b4c0
EMPTY f608833c-ca9e-4cc7-86f3-7b2e83474dae
EMPTY d7375d5e-f530-4b1e-b69e-dbf05c518c34
EMPTY 93534078-7113-4334-9e4f-3c039b6d17b1
EMPTY c270467a-d9d2-4a1e-a8bf-90267c9133c9
EMPTY 0a7b86e8-ad31-453a-992a-fede290c1d82
EMPTY 4e8adefa-d6ff-465c-b807-1e900f309526
EMPTY 377b194c-900d-4822-bcdc-d9c603476522
EMPTY c52e24e2-ae5c-461a-ba5a-da39168a42c1
EMPTY bb6e8e8e-50e3-470b-b87e-939e0de9c786
EMPTY b26ffad0-3e44-4bf0-98d8-932ef4c175e9
EMPTY a50fa617-3ac7-4842-9b99-a85aab5c39fd
EMPTY 827c4da7-1e11-4ea0-86cf-87e36ed363b7
EMPTY 0d3a8121-c7b8-48b1-9d1d-8b04aa8eabb4
EMPTY 517e5e49-e805-4f0d-985a-57b8342d12a7
EMPTY 6db3b837-a3c1-481d-b1d7-482c6e4e1efb
EMPTY e08d222a-7304-42c6-98eb-ef1e23207687
EMPTY 43c35cfc-9c49-4664-9847-fa8d741bd90f
EMPTY af529970-c176-4c64-a015-0b82e42b37b3
EMPTY ee862a50-1312-4565-b289-b2712f5688e6
EMPTY 547b9ac5-c38d-41a5-8b0d-664b349c2a28
EMPTY 3da6af54-0e73-465d-942d-ea0f27798c38
EMPTY 989db56e-759f-454a-8faa-327f55fa60f6
EMPTY 1fc2ebc5-6f32-4e65-915b-ed0e146fd30d
EMPTY 9052ba13-de5d-44cb-92b2-f51831c64a9f
EMPTY cd76a509-d157-4849-9462-d64fc8d7cfa2
EMPTY 17b49529-ee38-4f69-aff9-62809c713d63
EMPTY 3f8831b8-cd25-4716-9864-cbbe26a9fc3b
EMPTY 23c8a981-f77b-46f7-8768-c6a5bb199036
EMPTY 10abfcf1-fda1-4087-be08-cd2546985e36
EMPTY 085a1a64-323a-44e7-9bd6-19c92a3c61f8
EMPTY ab712cc2-ed83-483c-8654-2ed39d836dd9
EMPTY ddbfe3a4-4549-4cb6-b43d-e47fe780b356
EMPTY b83d63cd-fb9f-44a4-a656-c1f6d4fddc55
EMPTY 7b69edcf-fa78-4cad-97af-51e395dd5f47
EMPTY e41c5c9f-88d0-4231-8878-f36a83ba0829
EMPTY 52066b07-153e-4db3-9b8e-b27ac71dfedf
EMPTY 5988ed09-32c3-4f19-aab9-e5f6191ad0b0
EMPTY 7ea657aa-838f-4ab4-b474-61d8a93bffca
EMPTY 683e130b-e8fc-4cd3-b765-1002d6a51a53
EMPTY ef725fb2-e03c-46ae-831d-5213df50200c
EMPTY 9850f9a2-8c78-4f11-8bf2-726860047c01
EMPTY 53cc3a7c-a981-42d0-887c-3567165f1a86
EMPTY b62a4680-d961-43dc-8844-9a4ccfc4872c
EMPTY adc004d7-2d85-4e2a-9c62-3f21d941ff50
EMPTY 3a22623d-6db1-4627-a80b-e4065259fb67
EMPTY 1b136807-caab-4eb1-adde-71b648d8e994
EMPTY db3931bd-e05e-4d17-abc9-1306a1774a46
EMPTY ddf073ed-d8b0-4c68-88ac-3cee007a4e62
EMPTY 93c0ff76-7526-4a0b-9f1a-f3c1da154266
EMPTY 4232718d-5daa-4fc8-b8d1-8cc0923db4ab
EMPTY d864c9e7-db16-47ec-96a8-2257c04474f8
EMPTY 5fb1c988-4444-46a7-9273-d9ef74775b41
EMPTY 9694e31d-7aa0-42ad-be8b-f9e3441a85b3
EMPTY 402fd57c-4e4d-4425-bef2-2e71c58a5882
EMPTY 0dd90df3-935a-4dfd-b89d-0d036911bed8
EMPTY 7b67f07f-7754-4c1a-800b-97ae8d866547
EMPTY 9d673e0d-4598-4ccf-8b74-94ddc828bdc9
EMPTY cec51d39-8609-4671-9cf9-b001d5248c82
EMPTY 151a691c-1dc2-431e-963f-1a1209583809
EMPTY 717e82e0-afe8-4bd0-ba14-2ccc05f2d096
EMPTY 15efa3bc-1e9e-47f8-99be-87028def7766
EMPTY 036760a1-4cf2-439f-9103-9faf421664e1
EMPTY e25e93e6-b7a4-4837-8035-d502c0d0ed54
EMPTY d00f4744-18e1-472b-ba6a-e1fea4afc268
EMPTY b934b2b1-45c9-423f-b986-b353cea3f288
EMPTY b2f9e9b8-e3eb-45be-8f69-e8556106a4dd
EMPTY e3404ac6-9bea-4e1d-ba69-430267d43fa4
EMPTY 9cde02b4-415e-425f-b2f4-0da3cffbb965
EMPTY 0902f1b9-e80d-4f4a-9ed1-10f091b121f3
EMPTY ccf3d336-8953-4c73-a162-c07e04ec0e84
EMPTY 704e7713-34c6-44f5-b89d-dc8067517a75
EMPTY 75976b4f-6252-4332-a4ca-1b67a4f46bff
EMPTY 611c5538-eab9-4be0-aa9e-48765b5e9d1d
EMPTY 219931bd-df9f-4d3a-bb1c-a514720dd2a1
EMPTY 81809ca5-ce19-4e64-9e08-7e937a9a7204
EMPTY 7290d715-f2ba-49ab-a342-9a09a7df45da
EMPTY bdb5e25c-bd59-45c9-8a86-71a435668587
EMPTY 15935e49-5d60-467e-8864-ca7177769dd0
EMPTY dfa809f7-209a-4e2f-a172-ce454b6d8cfc
EMPTY 3e97dbd5-e657-4b2d-b37d-20dbf5d35225
EMPTY c9d33ef0-f033-4a14-9265-cd03ce2a7695
EMPTY 308d37cf-e1e6-4c1d-bd9e-ba54bebc653d
EMPTY 2af1328e-affc-4587-a975-070152f3cb1b
EMPTY bd859e2b-c962-4b78-975b-a812ffdfb08a
EMPTY ee29578b-155a-42c3-9d8f-84a3d89c270b
EMPTY e5bd3eb5-f4aa-48fe-b158-745b7a986578
EMPTY 6a678042-2eea-4fd1-a37a-8fb4194151f4
EMPTY 891e5ba6-d717-45cd-82f1-b115985ee098
EMPTY c3bc8e83-0ac4-41d2-929b-61a7d727155f
EMPTY f86398e1-595a-460e-84f5-4970dc693e8f
EMPTY 4c323ddd-45ec-4509-8029-8aac868943c0
EMPTY 2f392caf-85fa-4c55-ab70-3589b066830e
EMPTY a108f3bc-8f01-4064-a0f5-df80ac67aee2
EMPTY ca86cba0-ee6d-4476-a39d-7f050544fcb5
EMPTY c73b3e13-e9d5-4db0-8b13-ca9820b709c9
EMPTY 899a2aa5-1a47-4b7d-81d2-ccae11769bf4
EMPTY f60c9bf1-340f-43e3-a96e-d53ae7bee53f
EMPTY 0d7aaf96-38f0-4c00-a442-095973179eb8
EMPTY 619fbe36-f957-4a92-bedf-16da2725e9a8
EMPTY fbbb5e75-9480-44f7-a136-5ba53e2d5bb7
EMPTY f49d68f0-c57d-4ebb-9d4b-933415e6f187
EMPTY 42b4bbad-f7f1-406f-8160-ef092fa0d790
EMPTY 0c4dc4ff-81b9-4289-9950-057a3186420a
EMPTY a028edc4-cec2-42f6-84ca-2131f714659e
EMPTY 9914b16e-daf7-42de-bbd7-4ee7f605fe62
EMPTY d9c94700-4925-4051-abba-23fc06d1d39e
EMPTY dd40a801-2aa0-43c9-9a76-04bf0b227127
EMPTY 4414bddf-a607-467d-a081-becd864178b3
EMPTY efa224a9-721e-481c-8866-e10f32a32a71
EMPTY b030a23c-06b6-44b3-9c67-7a42d3131023
EMPTY 1d4b5c22-0dba-4948-9781-3d5f44e4c496
EMPTY 1371efa7-8e90-4017-b1a9-69b4449afee0
EMPTY 3bed6949-1a32-4a10-8764-7ddfec727915
EMPTY 47c83d98-f9ac-4f82-ad79-f56ec996a63b
EMPTY 1c249378-d2b4-4a92-accc-e5942a6c93bb
EMPTY cc58f774-05ff-4f08-a931-ba91b2b57e88
EMPTY b6fa8be7-a90c-4cd0-8ca9-be56a99b632c
EMPTY 32ce7c3b-960f-4786-aa49-829cb3b05657
EMPTY 414078ad-6fce-47c7-a732-69e1db3309d2
EMPTY 85e61169-49b4-4248-925e-73209de025c6
EMPTY c07c43ab-1a1c-4e14-a1b1-a180d1e7a29c
EMPTY 29e87c2b-446b-40e0-af9c-a781ad30ba5e
EMPTY 1d640ef3-c0f9-4998-8c24-a181ec5854d3
EMPTY 831aaa3c-32d5-40b4-a548-13800f36f285
EMPTY a939abfd-3527-4e2e-b18b-d067d2c28bd1
EMPTY cefe5ec0-5e09-4d68-a92e-54d0593b72f3
EMPTY 31e8fd96-f877-4c14-a7c9-38b4ee8c14d8
EMPTY 79f0d232-ef8e-44fa-bdf4-d1a45c1efc41
EMPTY e5c3c4b5-03a8-497b-ae04-6a7d11cb17ab
EMPTY d12cf706-0b11-412a-a505-a6b90482e2e9
EMPTY 8032dcc7-1a93-4d5e-a3fe-61227f6848e2
EMPTY 161e125d-7912-4ebf-88b6-47892455c845
EMPTY ac4938a6-2d91-4209-858a-5069e5ed0c66
EMPTY 279403a8-49f0-4486-b92c-c88af9ea7e07
EMPTY 285840b4-3039-4290-a49c-022ce7cf160a
EMPTY e9cf9930-91e0-427c-a2b3-326c9ec94ccc
EMPTY 7b246a79-4699-44df-befe-9c1fa865dd46
EMPTY 659bb1ac-2d24-40f7-b7f0-3a2bb7d1ea36
EMPTY c4e48428-6879-4543-917a-7b92b26552a0
EMPTY b4bd6905-4efd-47e9-837a-f9bfb5837093
EMPTY 5c4126d1-1317-4eaf-bc37-af1c6829015a
EMPTY 4002326b-bbc2-45d6-bdeb-c2d55cf20af5
EMPTY 94f5703b-468a-4b9e-8e41-2090230d82f7
EMPTY 1c1c33db-dd31-4b54-8309-0c86169a25e9
EMPTY 6ef82f36-2bc8-4588-9228-4e8b32c54b9d
EMPTY c09243f3-cead-4de2-a556-3d55b3cb9132
EMPTY b252ad31-e27e-4d9d-a22e-d88d9fc8487a
EMPTY 815cfe00-45a4-4d5e-8bc1-93dbf0f63060
EMPTY 9e380fd9-1851-4a0e-a8ec-b7081a76cbeb
EMPTY 5b33d1c1-5426-4517-97a0-ad4e204e6dfe
EMPTY f94623e0-fe66-4c69-88b5-4d3c8f88a9e8
EMPTY 16b07f12-47db-4b8c-810d-fa1484a48977
EMPTY 9c6efc5a-6874-45e0-a078-44d34ba88e99
EMPTY 5343f00c-b451-416e-b310-d2df9012ab6b
EMPTY b0483d82-39ed-4c97-b283-e159df7468d0
EMPTY ef4c61ca-b86a-4077-9542-62ef32b24d54
EMPTY 95381e02-8bfc-4a41-a135-252efee3b62c
EMPTY f07581d3-511e-4a38-9554-e875bc6352f7
EMPTY a72d1b4b-e695-40f4-89fd-3387b14dd126
EMPTY 3439c26e-0e22-4b56-8557-5616b4174064
EMPTY 47c90781-15b9-4828-b535-c10062fec475
EMPTY 5011debe-8962-4b16-9ab1-a3e4cb7d1298
EMPTY 59a2e88f-fb33-45cf-accd-84b075054e4e
EMPTY aa892712-0891-4b1e-bc22-7815df955522
EMPTY 6f8e1029-e650-4aa8-b6b8-552ac6f5d38d
EMPTY 278f8d14-431a-4478-99bc-686cc44b604e
EMPTY fc765118-eb7c-4f15-89b5-761b07c14c89
EMPTY d4a0c0e0-ef7e-4280-bc81-9ac8414a10ed
EMPTY 0541ac39-b795-425a-9bfd-29a32cce2c32
EMPTY 54cdf97f-c192-4bf2-a7d5-771261ea7f96
EMPTY eda9017c-3b5e-43c1-8fa4-cdba1cfa0b22
EMPTY 3b566cd1-5641-4f71-9c6d-21d8b1f77446
EMPTY e934e592-feb0-4d16-a87e-f8286c04b515
EMPTY b8a1a44f-6387-4a1f-a29f-0dd94c2dc18e
EMPTY c6110cdf-b0d8-4cfd-96c1-97a0d2bd5f6e
EMPTY ffd6fe5b-a7f7-475b-8712-ffdcde9a91d5
EMPTY d0ba1337-496e-481c-9844-426251afa000
EMPTY 34f86114-65a4-4d3a-b05a-06d4982e5869
EMPTY ef63f74d-b835-498a-95a4-7c5d234bce40
EMPTY 956eaf88-1e6f-4b14-97f7-20c472c8967e
EMPTY 29fb651a-33ef-4603-b33a-3b0d8c7dad27
EMPTY 2e750efe-10d5-441d-b4ba-d7cd1554f631
EMPTY 72a6e39d-d125-4a80-b36e-9a92820c9638
EMPTY 9f798a78-c278-4e49-8242-53d82965a435
EMPTY eafe1861-9067-47b3-ad45-10d58f0da59e
EMPTY 7d42d4de-d43b-4b7d-b163-c11d53d762be
EMPTY 99a4abcc-5010-4d03-ab32-0a772af9e1f7
EMPTY 5430a0de-c008-48f3-af31-b6719406472a
EMPTY 72990dfd-ef3f-4606-903f-b35bd633b714
EMPTY 515aa5d7-74f5-4929-9807-f50529a76fb8
EMPTY a4fb65a5-5ecd-40af-9697-24c025fec396
EMPTY b7184eb3-fdbc-4b16-b448-c72c3dec261d
EMPTY 6a8b19d7-1bfc-41d6-b82a-0d67ee880d2b
EMPTY dc2b4319-5e5d-4f27-bcea-e79faad56459
EMPTY fa429fe2-8431-41eb-b3a1-12103d4df0ea
EMPTY 1afdc318-c4b6-40ec-b620-4b3ad43e2793
EMPTY 89d9f816-6953-40df-9048-164c0aa2b1be
EMPTY 96b1d598-a1a1-40b9-b80b-b22a1c4b641f
EMPTY aa82af5e-0fdc-4ece-a603-375b4e7d8b7f
EMPTY 163546ba-a5c6-473a-943e-92a3ab4ea223
EMPTY 48e63567-f1eb-4881-b1ff-b5f178c5e9eb
EMPTY 718fb5a3-7c58-443a-9e10-53c301236d82
EMPTY d70c0bb9-3fec-4ba9-baf2-6fcfc07cad4d
EMPTY e47b8a39-5ae4-4db3-9bd1-df7a658116ad
EMPTY d4f44340-9001-471c-ab1b-f393f721fdd9
EMPTY be2eec74-471f-4e74-b4a0-905cc51542d8
EMPTY 1b71018c-ee59-4a1e-ba39-2f2c3032ebf3
EMPTY b09fa655-c2a4-4676-b8a3-cec33b20c261
EMPTY 826084df-8ddd-4d3b-a544-96dc9b90aefb
EMPTY 8376b7e0-58d0-4f08-9ed2-714af8106983
EMPTY 92f26abf-5970-4f80-940f-b6196efaf57e
EMPTY 31e74bb9-8f5a-45a9-95ed-5f21d262453d
EMPTY 9cac42b9-8621-4801-b71f-b5ae87b45333
EMPTY 61cb3243-cdf8-44cb-bbb1-4841ccd5c1df
EMPTY c04d15c7-4fda-4053-86e0-b0ce83b5c90f
EMPTY 0444206a-261f-4f0e-b65c-1425aba91feb
EMPTY 745304a3-5032-4eab-b574-ef0a8e5db776
EMPTY 3ea6b4cb-e00d-41c4-a7da-ae30a9386b19
EMPTY 8aa741f8-2edd-4684-8678-17abed45f988
EMPTY 684bad70-43da-4c22-a05e-c3f9f37fec8b
EMPTY 0859b833-6fd7-49f3-96b1-88886bc950d5
EMPTY 69f33c73-2181-48c6-be8b-aa43c06b5f21
EMPTY fe65bae3-56fe-43e9-a55f-49ef8a1aff4d
