[FETCH]... ↓ 
https://www.google.com/search?q="1+Mission+Outdoors+Archery"+Killeen+TX+archery&
hl=en&gl=us          | ✓ | ⏱: 6.27s 
[SCRAPE].. ◆ 
https://www.google.com/search?q="1+Mission+Outdoors+Archery"+Killeen+TX+archery&
hl=en&gl=us          | ✓ | ⏱: 0.07s 
[COMPLETE] ● 
https://www.google.com/search?q="1+Mission+Outdoors+Archery"+Killeen+TX+archery&
hl=en&gl=us          | ✓ | ⏱: 6.39s 
[FETCH]... ↓ 
https://www.google.com/search?q="12-Ring+Archery+Lanes"++WI+archery&hl=en&gl=us 
| ✓ | ⏱: 6.98s 
[SCRAPE].. ◆ 
https://www.google.com/search?q="12-Ring+Archery+Lanes"++WI+archery&hl=en&gl=us 
| ✓ | ⏱: 0.11s 
[COMPLETE] ● 
https://www.google.com/search?q="12-Ring+Archery+Lanes"++WI+archery&hl=en&gl=us 
| ✓ | ⏱: 7.13s 
[FETCH]... ↓ 
https://www.google.com/search?q="127+Archery"+Albertville+AL+archery&hl=en&gl=us
| ✓ | ⏱: 6.56s 
[SCRAPE].. ◆ 
https://www.google.com/search?q="127+Archery"+Albertville+AL+archery&hl=en&gl=us
| ✓ | ⏱: 0.11s 
[COMPLETE] ● 
https://www.google.com/search?q="127+Archery"+Albertville+AL+archery&hl=en&gl=us
| ✓ | ⏱: 6.70s 
[FETCH]... ↓ 
https://www.google.com/search?q="3-D+Country+Rockland+Archers"+De+Pere+WI+archer
y&hl=en&gl=us        | ✓ | ⏱: 8.54s 
[SCRAPE].. ◆ 
https://www.google.com/search?q="3-D+Country+Rockland+Archers"+De+Pere+WI+archer
y&hl=en&gl=us        | ✓ | ⏱: 0.10s 
[COMPLETE] ● 
https://www.google.com/search?q="3-D+Country+Rockland+Archers"+De+Pere+WI+archer
y&hl=en&gl=us        | ✓ | ⏱: 8.68s 
[FETCH]... ↓ 
https://www.google.com/search?q="4+Season's+Archery"+Opelousas+LA+archery&hl=en&
gl=us                | ✓ | ⏱: 7.83s 
[SCRAPE].. ◆ 
https://www.google.com/search?q="4+Season's+Archery"+Opelousas+LA+archery&hl=en&
gl=us                | ✓ | ⏱: 0.18s 
[COMPLETE] ● 
https://www.google.com/search?q="4+Season's+Archery"+Opelousas+LA+archery&hl=en&
gl=us                | ✓ | ⏱: 8.07s 
[FETCH]... ↓ 
https://www.google.com/search?q="540-270-2381"+Monterey+VA+archery&hl=en&gl=us  
| ✓ | ⏱: 5.61s 
[SCRAPE].. ◆ 
https://www.google.com/search?q="540-270-2381"+Monterey+VA+archery&hl=en&gl=us  
| ✓ | ⏱: 0.03s 
[COMPLETE] ● 
https://www.google.com/search?q="540-270-2381"+Monterey+VA+archery&hl=en&gl=us  
| ✓ | ⏱: 5.66s 
[FETCH]... ↓ 
https://www.google.com/search?q="765-717-2903"+Mishawaka+IN+archery&hl=en&gl=us 
| ✓ | ⏱: 5.30s 
[SCRAPE].. ◆ 
https://www.google.com/search?q="765-717-2903"+Mishawaka+IN+archery&hl=en&gl=us 
| ✓ | ⏱: 0.04s 
[COMPLETE] ● 
https://www.google.com/search?q="765-717-2903"+Mishawaka+IN+archery&hl=en&gl=us 
| ✓ | ⏱: 5.36s 
[FETCH]... ↓ 
https://www.google.com/search?q="Ace+Archers+Inc+OH"+Johnstown+OH+archery&hl=en&
gl=us                | ✓ | ⏱: 6.09s 
[SCRAPE].. ◆ 
https://www.google.com/search?q="Ace+Archers+Inc+OH"+Johnstown+OH+archery&hl=en&
gl=us                | ✓ | ⏱: 0.06s 
[COMPLETE] ● 
https://www.google.com/search?q="Ace+Archers+Inc+OH"+Johnstown+OH+archery&hl=en&
gl=us                | ✓ | ⏱: 6.18s 
[FETCH]... ↓ 
https://www.google.com/search?q="ACE+Archery"+SOCIAL+CIRCLE+GA+archery&hl=en&gl=
us                   | ✓ | ⏱: 6.05s 
[SCRAPE].. ◆ 
https://www.google.com/search?q="ACE+Archery"+SOCIAL+CIRCLE+GA+archery&hl=en&gl=
us                   | ✓ | ⏱: 0.10s 
[COMPLETE] ● 
https://www.google.com/search?q="ACE+Archery"+SOCIAL+CIRCLE+GA+archery&hl=en&gl=
us                   | ✓ | ⏱: 6.17s 
[FETCH]... ↓ 
https://www.google.com/search?q="Addiction+Archery"+Kansas+City+MO+archery&hl=en
&gl=us               | ✓ | ⏱: 6.47s 
[SCRAPE].. ◆ 
https://www.google.com/search?q="Addiction+Archery"+Kansas+City+MO+archery&hl=en
&gl=us               | ✓ | ⏱: 0.08s 
[COMPLETE] ● 
https://www.google.com/search?q="Addiction+Archery"+Kansas+City+MO+archery&hl=en
&gl=us               | ✓ | ⏱: 6.57s 
[FETCH]... ↓ 
https://www.google.com/search?q="Addictive+Archery"+Gervais+OR+archery&hl=en&gl=
us                   | ✓ | ⏱: 6.22s 
[SCRAPE].. ◆ 
https://www.google.com/search?q="Addictive+Archery"+Gervais+OR+archery&hl=en&gl=
us                   | ✓ | ⏱: 0.10s 
[COMPLETE] ● 
https://www.google.com/search?q="Addictive+Archery"+Gervais+OR+archery&hl=en&gl=
us                   | ✓ | ⏱: 6.35s 
[FETCH]... ↓ 
https://www.google.com/search?q="Adventure+Outdoors"+Smyrna+GA+archery&hl=en&gl=
us                   | ✓ | ⏱: 6.34s 
[SCRAPE].. ◆ 
https://www.google.com/search?q="Adventure+Outdoors"+Smyrna+GA+archery&hl=en&gl=
us                   | ✓ | ⏱: 0.11s 
[COMPLETE] ● 
https://www.google.com/search?q="Adventure+Outdoors"+Smyrna+GA+archery&hl=en&gl=
us                   | ✓ | ⏱: 6.48s 
[FETCH]... ↓ 
https://www.google.com/search?q="Aim+Takers+Archery"+london+KY+archery&hl=en&gl=
us                   | ✓ | ⏱: 9.31s 
[SCRAPE].. ◆ 
https://www.google.com/search?q="Aim+Takers+Archery"+london+KY+archery&hl=en&gl=
us                   | ✓ | ⏱: 0.11s 
[COMPLETE] ● 
https://www.google.com/search?q="Aim+Takers+Archery"+london+KY+archery&hl=en&gl=
us                   | ✓ | ⏱: 9.45s 
[FETCH]... ↓ 
https://www.google.com/search?q="Alexander+Lake+Archery+Range"+Stockbridge+GA+ar
chery&hl=en&gl=us    | ✓ | ⏱: 5.80s 
[SCRAPE].. ◆ 
https://www.google.com/search?q="Alexander+Lake+Archery+Range"+Stockbridge+GA+ar
chery&hl=en&gl=us    | ✓ | ⏱: 0.05s 
[COMPLETE] ● 
https://www.google.com/search?q="Alexander+Lake+Archery+Range"+Stockbridge+GA+ar
chery&hl=en&gl=us    | ✓ | ⏱: 5.87s 
[FETCH]... ↓ 
https://www.google.com/search?q="Allen+Archery"+Allen+OK+archery&hl=en&gl=us    
| ✓ | ⏱: 5.97s 
[SCRAPE].. ◆ 
https://www.google.com/search?q="Allen+Archery"+Allen+OK+archery&hl=en&gl=us    
| ✓ | ⏱: 0.09s 
[COMPLETE] ● 
https://www.google.com/search?q="Allen+Archery"+Allen+OK+archery&hl=en&gl=us    
| ✓ | ⏱: 6.09s 
[FETCH]... ↓ 
https://www.google.com/search?q="Alma+Rod+&+Gun+Club"+Alma+WI+archery&hl=en&gl=u
s                    | ✓ | ⏱: 5.68s 
[SCRAPE].. ◆ 
https://www.google.com/search?q="Alma+Rod+&+Gun+Club"+Alma+WI+archery&hl=en&gl=u
s                    | ✓ | ⏱: 0.07s 
[COMPLETE] ● 
https://www.google.com/search?q="Alma+Rod+&+Gun+Club"+Alma+WI+archery&hl=en&gl=u
s                    | ✓ | ⏱: 5.78s 
[FETCH]... ↓ 
https://www.google.com/search?q="Alum+Creek+Stat...c+Archery+Range"+Delaware+OH+
archery&hl=en&gl=us  | ✓ | ⏱: 6.20s 
[SCRAPE].. ◆ 
https://www.google.com/search?q="Alum+Creek+Stat...c+Archery+Range"+Delaware+OH+
archery&hl=en&gl=us  | ✓ | ⏱: 0.06s 
[COMPLETE] ● 
https://www.google.com/search?q="Alum+Creek+Stat...c+Archery+Range"+Delaware+OH+
archery&hl=en&gl=us  | ✓ | ⏱: 6.28s 
[FETCH]... ↓ 
https://www.google.com/search?q="American+Outdoors+Company"+Covington+LA+archery
&hl=en&gl=us         | ✓ | ⏱: 7.18s 
[SCRAPE].. ◆ 
https://www.google.com/search?q="American+Outdoors+Company"+Covington+LA+archery
&hl=en&gl=us         | ✓ | ⏱: 0.18s 
[COMPLETE] ● 
https://www.google.com/search?q="American+Outdoors+Company"+Covington+LA+archery
&hl=en&gl=us         | ✓ | ⏱: 7.41s 
[FETCH]... ↓ 
https://www.google.com/search?q="Andover+Sportsmans+Club"+Andover+CT+archery&hl=
en&gl=us             | ✓ | ⏱: 9.09s 
[SCRAPE].. ◆ 
https://www.google.com/search?q="Andover+Sportsmans+Club"+Andover+CT+archery&hl=
en&gl=us             | ✓ | ⏱: 0.13s 
[COMPLETE] ● 
https://www.google.com/search?q="Andover+Sportsmans+Club"+Andover+CT+archery&hl=
en&gl=us             | ✓ | ⏱: 9.26s 
[FETCH]... ↓ 
https://www.google.com/search?q="Ani+Kawi+Bowhunters"+Lawrenceburg+TN+archery&hl
=en&gl=us            | ✓ | ⏱: 6.00s 
[SCRAPE].. ◆ 
https://www.google.com/search?q="Ani+Kawi+Bowhunters"+Lawrenceburg+TN+archery&hl
=en&gl=us            | ✓ | ⏱: 0.05s 
[COMPLETE] ● 
https://www.google.com/search?q="Ani+Kawi+Bowhunters"+Lawrenceburg+TN+archery&hl
=en&gl=us            | ✓ | ⏱: 6.07s 
[FETCH]... ↓ 
https://www.google.com/search?q="Apache+Bow+Hunters+Inc"+Globe+AZ+archery&hl=en&
gl=us                | ✓ | ⏱: 6.57s 
[SCRAPE].. ◆ 
https://www.google.com/search?q="Apache+Bow+Hunters+Inc"+Globe+AZ+archery&hl=en&
gl=us                | ✓ | ⏱: 0.13s 
[COMPLETE] ● 
https://www.google.com/search?q="Apache+Bow+Hunters+Inc"+Globe+AZ+archery&hl=en&
gl=us                | ✓ | ⏱: 6.73s 
[FETCH]... ↓ 
https://www.google.com/search?q="Apache+Bowhunters"+Lockbourne+OH+archery&hl=en&
gl=us                | ✓ | ⏱: 6.22s 
[SCRAPE].. ◆ 
https://www.google.com/search?q="Apache+Bowhunters"+Lockbourne+OH+archery&hl=en&
gl=us                | ✓ | ⏱: 0.08s 
[COMPLETE] ● 
https://www.google.com/search?q="Apache+Bowhunters"+Lockbourne+OH+archery&hl=en&
gl=us                | ✓ | ⏱: 6.33s 
[FETCH]... ↓ 
https://www.google.com/search?q="Apex+Archery"+Sacramento+CA+archery&hl=en&gl=us
| ✓ | ⏱: 6.65s 
[SCRAPE].. ◆ 
https://www.google.com/search?q="Apex+Archery"+Sacramento+CA+archery&hl=en&gl=us
| ✓ | ⏱: 0.08s 
[COMPLETE] ● 
https://www.google.com/search?q="Apex+Archery"+Sacramento+CA+archery&hl=en&gl=us
| ✓ | ⏱: 6.77s 
[FETCH]... ↓ 
https://www.google.com/search?q="APG+Bowmen+Club"+Aberdeen+MD+archery&hl=en&gl=u
s                    | ✓ | ⏱: 6.47s 
[SCRAPE].. ◆ 
https://www.google.com/search?q="APG+Bowmen+Club"+Aberdeen+MD+archery&hl=en&gl=u
s                    | ✓ | ⏱: 0.07s 
[COMPLETE] ● 
https://www.google.com/search?q="APG+Bowmen+Club"+Aberdeen+MD+archery&hl=en&gl=u
s                    | ✓ | ⏱: 6.57s 
[FETCH]... ↓ 
https://www.google.com/search?q="Appalachian+Archers"+Marion+NC+archery&hl=en&gl
=us                  | ✓ | ⏱: 6.26s 
[SCRAPE].. ◆ 
https://www.google.com/search?q="Appalachian+Archers"+Marion+NC+archery&hl=en&gl
=us                  | ✓ | ⏱: 0.07s 
[COMPLETE] ● 
https://www.google.com/search?q="Appalachian+Archers"+Marion+NC+archery&hl=en&gl
=us                  | ✓ | ⏱: 6.36s 
PROBE done: 25 probed, 0 hours found, 0 blocked
